// Jest Snapshot v1, https://goo.gl/fbAQLP

exports[`TESTS renderds something 1`] = `
<div>
  <h1>
    React Works!
  </h1>
  <table>
    <tr>
      <td />
      <td>
        1
      </td>
      <td>
        2
      </td>
      <td>
        3
      </td>
    </tr>
    <tr>
      <td>
        3
      </td>
      <td />
      <td>
        6
      </td>
      <td>
        7
      </td>
    </tr>
  </table>
  <input
    id="start"
    max="2018-12-31"
    min="2018-01-01"
    name="trip-start"
    type="date"
    value="2018-07-22"
  />
</div>
`;
